# A8 curl — 2026-10-06 20:03:31 KST
## /en
<title>KANIQ · A home for your language</title>
<meta name="description" content="Pick your care, stay and company. See how recovery and Korea fit together."
<link rel="canonical" href="https://kaniq-homepage.vercel.app/en"
<link rel="alternate" hrefLang="en" href="https://kaniq-homepage.vercel.app/en"
<link rel="alternate" hrefLang="ja" href="https://kaniq-homepage.vercel.app/ja"
<link rel="alternate" hrefLang="id" href="https://kaniq-homepage.vercel.app/id"
<link rel="alternate" hrefLang="mn" href="https://kaniq-homepage.vercel.app/mn"
<link rel="alternate" hrefLang="ko" href="https://kaniq-homepage.vercel.app/ko"
<link rel="alternate" hrefLang="x-default" href="https://kaniq-homepage.vercel.app/en"
<meta property="og:image" content="https://kaniq-homepage.vercel.app/-/opengraph-image.jpg?opengraph-image.3rnysf2g6kkhf.jpg"
## /ja
<title>KANIQ · あなたの言語のホーム</title>
<meta name="description" content="診療・日数・人数を選んで、回復と韓国滞在の旅程を見てみましょう。"
<link rel="canonical" href="https://kaniq-homepage.vercel.app/ja"
<link rel="alternate" hrefLang="en" href="https://kaniq-homepage.vercel.app/en"
<link rel="alternate" hrefLang="ja" href="https://kaniq-homepage.vercel.app/ja"
<link rel="alternate" hrefLang="id" href="https://kaniq-homepage.vercel.app/id"
<link rel="alternate" hrefLang="mn" href="https://kaniq-homepage.vercel.app/mn"
<link rel="alternate" hrefLang="ko" href="https://kaniq-homepage.vercel.app/ko"
<link rel="alternate" hrefLang="x-default" href="https://kaniq-homepage.vercel.app/en"
<meta property="og:image" content="https://kaniq-homepage.vercel.app/-/opengraph-image.jpg?opengraph-image.3rnysf2g6kkhf.jpg"
## /id
<title>KANIQ · Beranda bahasa Anda</title>
<meta name="description" content="Pilih perawatan, lama tinggal, dan pendamping. Lihat rencana pemulihan dan kunjungan ke Korea."
<link rel="canonical" href="https://kaniq-homepage.vercel.app/id"
<link rel="alternate" hrefLang="en" href="https://kaniq-homepage.vercel.app/en"
<link rel="alternate" hrefLang="ja" href="https://kaniq-homepage.vercel.app/ja"
<link rel="alternate" hrefLang="id" href="https://kaniq-homepage.vercel.app/id"
<link rel="alternate" hrefLang="mn" href="https://kaniq-homepage.vercel.app/mn"
<link rel="alternate" hrefLang="ko" href="https://kaniq-homepage.vercel.app/ko"
<link rel="alternate" hrefLang="x-default" href="https://kaniq-homepage.vercel.app/en"
<meta property="og:image" content="https://kaniq-homepage.vercel.app/-/opengraph-image.jpg?opengraph-image.3rnysf2g6kkhf.jpg"
## /mn
<title>KANIQ · Таны хэлний нүүр хуудас</title>
<meta name="description" content="Эмчилгээ, хоног, хамт явах хүнийг сонгоод нөхөн сэргэлт болон Солонгосын аяллыг төлөвлөөрэй."
<link rel="canonical" href="https://kaniq-homepage.vercel.app/mn"
<link rel="alternate" hrefLang="en" href="https://kaniq-homepage.vercel.app/en"
<link rel="alternate" hrefLang="ja" href="https://kaniq-homepage.vercel.app/ja"
<link rel="alternate" hrefLang="id" href="https://kaniq-homepage.vercel.app/id"
<link rel="alternate" hrefLang="mn" href="https://kaniq-homepage.vercel.app/mn"
<link rel="alternate" hrefLang="ko" href="https://kaniq-homepage.vercel.app/ko"
<link rel="alternate" hrefLang="x-default" href="https://kaniq-homepage.vercel.app/en"
<meta property="og:image" content="https://kaniq-homepage.vercel.app/-/opengraph-image.jpg?opengraph-image.3rnysf2g6kkhf.jpg"
## /ko
<title>KANIQ · 한국어를 위한 홈</title>
<meta name="description" content="진료·일수·인원을 고르면 회복과 한국 여행이 하나의 여정으로 펼쳐집니다."
<link rel="canonical" href="https://kaniq-homepage.vercel.app/ko"
<link rel="alternate" hrefLang="en" href="https://kaniq-homepage.vercel.app/en"
<link rel="alternate" hrefLang="ja" href="https://kaniq-homepage.vercel.app/ja"
<link rel="alternate" hrefLang="id" href="https://kaniq-homepage.vercel.app/id"
<link rel="alternate" hrefLang="mn" href="https://kaniq-homepage.vercel.app/mn"
<link rel="alternate" hrefLang="ko" href="https://kaniq-homepage.vercel.app/ko"
<link rel="alternate" hrefLang="x-default" href="https://kaniq-homepage.vercel.app/en"
<meta property="og:image" content="https://kaniq-homepage.vercel.app/-/opengraph-image.jpg?opengraph-image.3rnysf2g6kkhf.jpg"
## /en/quote
<title>KANIQ · Start your quote</title>
<meta name="description" content="Explore the steps before launch."
<link rel="canonical" href="https://kaniq-homepage.vercel.app/en/quote"
<link rel="alternate" hrefLang="en" href="https://kaniq-homepage.vercel.app/en/quote"
<link rel="alternate" hrefLang="ja" href="https://kaniq-homepage.vercel.app/ja/quote"
<link rel="alternate" hrefLang="id" href="https://kaniq-homepage.vercel.app/id/quote"
<link rel="alternate" hrefLang="mn" href="https://kaniq-homepage.vercel.app/mn/quote"
<link rel="alternate" hrefLang="ko" href="https://kaniq-homepage.vercel.app/ko/quote"
<link rel="alternate" hrefLang="x-default" href="https://kaniq-homepage.vercel.app/en/quote"
## /ja/quote
<title>KANIQ · 見積もりを始める</title>
<meta name="description" content="正式公開前に手順を体験できます。"
<link rel="canonical" href="https://kaniq-homepage.vercel.app/ja/quote"
<link rel="alternate" hrefLang="en" href="https://kaniq-homepage.vercel.app/en/quote"
<link rel="alternate" hrefLang="ja" href="https://kaniq-homepage.vercel.app/ja/quote"
<link rel="alternate" hrefLang="id" href="https://kaniq-homepage.vercel.app/id/quote"
<link rel="alternate" hrefLang="mn" href="https://kaniq-homepage.vercel.app/mn/quote"
<link rel="alternate" hrefLang="ko" href="https://kaniq-homepage.vercel.app/ko/quote"
<link rel="alternate" hrefLang="x-default" href="https://kaniq-homepage.vercel.app/en/quote"
## sitemap
<loc>https://kaniq-homepage.vercel.app/en</loc>
<loc>https://kaniq-homepage.vercel.app/en/quote</loc>
<loc>https://kaniq-homepage.vercel.app/ja</loc>
<loc>https://kaniq-homepage.vercel.app/ja/quote</loc>
<loc>https://kaniq-homepage.vercel.app/id</loc>
<loc>https://kaniq-homepage.vercel.app/id/quote</loc>
<loc>https://kaniq-homepage.vercel.app/mn</loc>
<loc>https://kaniq-homepage.vercel.app/mn/quote</loc>
<loc>https://kaniq-homepage.vercel.app/ko</loc>
<loc>https://kaniq-homepage.vercel.app/ko/quote</loc>
loc count:       10
## robots
User-Agent: *
Allow: /
Disallow: /api/

Sitemap: https://kaniq-homepage.vercel.app/sitemap.xml
[200]
## og:image fetch (host→localhost)
en http://localhost:3100/-/opengraph-image.jpg?opengraph-image.3rnysf2g6kkhf.jpg -> 200 image/jpeg
ja http://localhost:3100/-/opengraph-image.jpg?opengraph-image.3rnysf2g6kkhf.jpg -> 200 image/jpeg
mn http://localhost:3100/-/opengraph-image.jpg?opengraph-image.3rnysf2g6kkhf.jpg -> 200 image/jpeg
