
> start
> next start -p 3100

▲ Next.js 16.3.8
- Local:         http://localhost:3100
- Network:       http://192.168.219.124:3100
✓ Ready in 65ms
✓ Running next.config.ts took 19ms
Error: Internal: NoFallbackError
    at ignore-listed frames
Error: Internal: NoFallbackError
    at ignore-listed frames
Error: Internal: NoFallbackError
    at ignore-listed frames
Error: Internal: NoFallbackError
    at ignore-listed frames
Error: Internal: NoFallbackError
    at ignore-listed frames
Error: Internal: NoFallbackError
    at ignore-listed frames
Error: Internal: NoFallbackError
    at ignore-listed frames
