Vercel CLI 54.7.1 (Node.js 22.23.1)
Retrieving project…
Deploying wishket-aidp/kaniq-homepage
Uploading [--------------------] (0.0B/27.1KB)
Uploading [============--------] (17.1KB/27.1KB)
Uploading [===================-] (26.6KB/27.1KB)
Uploading [====================] (27.1KB/27.1KB)
  Inspect     https://vercel.com/wishket-aidp/kaniq-homepage/6Mjd6j1oSSBgyGZWztYJxxsn2YQ9
▲ Production  https://kaniq-homepage-ih0gijsur-wishket-aidp.vercel.app
Building…
Building…
Running build in Washington, D.C., USA (East) – iad1
Build machine configuration: 4 cores, 8 GB
Retrieving list of deployment files...
Downloading 87 deployment files...
Restored build cache from previous deployment (HoS737YjPzBKTUv416fLpPRM1jm1)
Running "vercel build"
Vercel CLI 62.1.0
Installing dependencies...
up to date in 1s
154 packages are looking for funding
run `npm fund` for details
Detected Next.js version: 16.3.8
Running "npm run build"
> build
> next build
▲ Next.js 16.3.8 (Turbopack)
Applying modifyConfig from Vercel
✓ Running next.config.ts took 233ms
- Experiments (use with caution):
✓ globalNotFound
Creating an optimized production build ...
✓ Compiled successfully in 1459ms
Running TypeScript ...
Finished TypeScript in 2.3s ...
Collecting page data using 3 workers ...
Generating static pages using 3 workers (0/17) ...
Generating static pages using 3 workers (4/17)
Generating static pages using 3 workers (8/17)
Generating static pages using 3 workers (12/17)
✓ Generating static pages using 3 workers (17/17) in 457ms
Finalizing page optimization ...
Running onBuildComplete from Vercel
Route (app)
┌ ○ /_not-found
├   /[lang]
│ ├ ● /en
│ ├ ● /ja
│ ├ ● /id
│ └ ● [+2 more paths]
├   /-/opengraph-image.jpg
│ └ ● /-/opengraph-image.jpg
├   /[lang]/quote
│ ├ ● /en/quote
│ ├ ● /ja/quote
│ ├ ● /id/quote
│ └ ● [+2 more paths]
├ ƒ /api/quote
├ ○ /robots.txt
└ ○ /sitemap.xml
ƒ Proxy (Middleware)
○  (Static)   prerendered as static content
●  (SSG)      prerendered as static HTML (uses generateStaticParams)
ƒ  (Dynamic)  server-rendered on demand
Build Completed in /vercel/output [8s]
Deploying outputs...
Deployment completed
Creating build cache...
[2K[1A[2K[G▲ Production  https://kaniq-homepage-ih0gijsur-wishket-aidp.vercel.app
Completing…
▲ Aliased     https://kaniq-care.vercel.app
{
  "status": "ok",
  "deployment": {
    "id": "dpl_6Mjd6j1oSSBgyGZWztYJxxsn2YQ9",
    "url": "https://kaniq-homepage-ih0gijsur-wishket-aidp.vercel.app",
    "inspectorUrl": "https://vercel.com/wishket-aidp/kaniq-homepage/6Mjd6j1oSSBgyGZWztYJxxsn2YQ9",
    "readyState": "READY",
    "target": "production",
    "deploymentApiUrl": "https://api.vercel.com/v13/deployments/dpl_6Mjd6j1oSSBgyGZWztYJxxsn2YQ9"
  },
  "message": "Deployment kaniq-homepage-ih0gijsur-wishket-aidp.vercel.app ready.",
  "next": [
    {
      "command": "vercel inspect kaniq-homepage-ih0gijsur-wishket-aidp.vercel.app --scope wishket-aidp",
      "when": "Inspect deployment"
    },
    {
      "command": "vercel deploy --prod --scope wishket-aidp",
      "when": "Promote to production"
    }
  ]
}
