Vercel CLI 54.7.1 (Node.js 22.23.1)
Fetching deployment "kaniq-homepage-ih0gijsur-wishket-aidp.vercel.app" in wishket-aidp
> Fetched deployment "kaniq-homepage-ih0gijsur-wishket-aidp.vercel.app" in wishket-aidp [1s]

  General

    id		dpl_6Mjd6j1oSSBgyGZWztYJxxsn2YQ9
    name	kaniq-homepage
    target	production
    status	● Ready
    url		https://kaniq-homepage-ih0gijsur-wishket-aidp.vercel.app
    created	Tue Oct 06 2026 20:42:07 GMT+0900 (Korean Standard Time) [38s ago]


  Aliases

    ╶ https://kaniq-care.vercel.app
    ╶ https://kaniq-homepage.vercel.app
    ╶ https://kaniq-homepage-wishket-aidp.vercel.app
    

  Builds

    ┌ .        [0ms]
    ├── λ [lang] (650.77KB) [iad1]
    ├── λ [lang].rsc (650.77KB) [iad1]
    ├── λ [lang]/quote (650.77KB) [iad1]
    ├── λ [lang]/quote.rsc (650.77KB) [iad1]
    ├── λ _global-error (650.77KB) [iad1]
    └── 59 output items hidden
    

