Vercel CLI 54.7.1 (Node.js 22.23.1)
Fetching deployment "kaniq-homepage-ljaa6u1e9-wishket-aidp.vercel.app" in wishket-aidp
> Fetched deployment "kaniq-homepage-ljaa6u1e9-wishket-aidp.vercel.app" in wishket-aidp [418ms]

  General

    id		dpl_26A1HbyyNSr3ZtrrdT4KLFGEASEn
    name	kaniq-homepage
    target	production
    status	● Ready
    url		https://kaniq-homepage-ljaa6u1e9-wishket-aidp.vercel.app
    created	Tue Oct 06 2026 21:03:58 GMT+0900 (Korean Standard Time) [36s ago]


  Aliases

    ╶ https://kaniq-care.vercel.app
    ╶ https://kaniq-homepage.vercel.app
    ╶ https://kaniq-homepage-wishket-aidp.vercel.app
    

  Builds

    ┌ .        [0ms]
    ├── λ [lang] (650.77KB) [iad1]
    ├── λ [lang].rsc (650.77KB) [iad1]
    ├── λ [lang]/quote (650.77KB) [iad1]
    ├── λ [lang]/quote.rsc (650.77KB) [iad1]
    ├── λ _global-error (650.77KB) [iad1]
    └── 59 output items hidden
    

